******************************************************************************
                  TI ARM Linker PC v20.2.5                     
******************************************************************************
>> Linked Tue May 31 17:20:19 2022

OUTPUT FILE NAME:   <simple_peripheral_cc2640r2lp_app.out>
ENTRY POINT SYMBOL: "ResetISR"  address: 0000f9f9


MEMORY CONFIGURATION

         name            origin    length      used     unused   attr    fill
----------------------  --------  ---------  --------  --------  ----  --------
  FLASH                 00000000   0001f000  00015dd6  0000922a  R  X
  FLASH_LAST_PAGE       0001f000   00001000  00000058  00000fa8  R  X
  SRAM                  20000000   00004400  00002e71  0000158f  RW X


SEGMENT ALLOCATION MAP

run origin  load origin   length   init length attrs members
----------  ----------- ---------- ----------- ----- -------
00000000    00000000    00014ddc   00014ddc    r-x
  00000000    00000000    0000003c   0000003c    r-- .resetVecs
  0000003c    0000003c    00000fc4   00000fc4    r-x .text.1
  00001000    00001000    00000028   00000028    r-- .const:ti_sysbios_heaps_HeapMem_Module__FXNS__C
  00001028    00001028    00000024   00000024    r-- .const:ti_sysbios_gates_GateHwi_Module__FXNS__C
  0000104c    0000104c    00000024   00000024    r-- .const:ti_sysbios_gates_GateMutex_Module__FXNS__C
  00001070    00001070    00000020   00000020    r-- .const:ti_sysbios_family_arm_m3_Hwi_Object__DESC__C
  00001090    00001090    00000020   00000020    r-- .const:ti_sysbios_gates_GateHwi_Object__DESC__C
  000010b0    000010b0    00000020   00000020    r-- .const:ti_sysbios_gates_GateMutex_Object__DESC__C
  000010d0    000010d0    00000020   00000020    r-- .const:ti_sysbios_hal_Hwi_Object__DESC__C
  000010f0    000010f0    00000020   00000020    r-- .const:ti_sysbios_heaps_HeapMem_Object__DESC__C
  00001110    00001110    00000020   00000020    r-- .const:ti_sysbios_knl_Clock_Object__DESC__C
  00001130    00001130    00000020   00000020    r-- .const:ti_sysbios_knl_Event_Object__DESC__C
  00001150    00001150    00000020   00000020    r-- .const:ti_sysbios_knl_Mailbox_Object__DESC__C
  00001170    00001170    00000020   00000020    r-- .const:ti_sysbios_knl_Queue_Object__DESC__C
  00001190    00001190    00000020   00000020    r-- .const:ti_sysbios_knl_Semaphore_Object__DESC__C
  000011b0    000011b0    00000020   00000020    r-- .const:ti_sysbios_knl_Swi_Object__DESC__C
  000011d0    000011d0    00000020   00000020    r-- .const:ti_sysbios_knl_Task_Object__DESC__C
  000011f0    000011f0    00000008   00000008    r-- .const:ti_sysbios_knl_Idle_funcList__C
  000011f8    000011f8    00000004   00000004    r-- .const:ti_sysbios_family_arm_cc26xx_Timer_startupNeeded__C
  000011fc    000011fc    00000004   00000004    r-- .const:ti_sysbios_family_arm_m3_Hwi_E_alreadyDefined__C
  00001200    00001200    00000004   00000004    r-- .const:ti_sysbios_family_arm_m3_Hwi_E_hwiLimitExceeded__C
  00001204    00001204    00000004   00000004    r-- .const:ti_sysbios_family_arm_m3_Hwi_NUM_INTERRUPTS__C
  00001208    00001208    00000004   00000004    r-- .const:ti_sysbios_family_arm_m3_Hwi_Object__count__C
  0000120c    0000120c    00000004   00000004    r-- .const:ti_sysbios_family_arm_m3_Hwi_Object__table__C
  00001210    00001210    00000004   00000004    r-- .const:ti_sysbios_family_arm_m3_Hwi_ccr__C
  00001214    00001214    00000004   00000004    r-- .const:ti_sysbios_family_arm_m3_Hwi_excHandlerFunc__C
  00001218    00001218    00000004   00000004    r-- .const:ti_sysbios_family_arm_m3_Hwi_nullIsrFunc__C
  0000121c    0000121c    00000004   00000004    r-- .const:ti_sysbios_family_arm_m3_Hwi_numSparseInterrupts__C
  00001220    00001220    00000004   00000004    r-- .const:ti_sysbios_family_arm_m3_Hwi_priGroup__C
  00001224    00001224    00000004   00000004    r-- .const:ti_sysbios_family_arm_m3_TaskSupport_stackAlignment__C
  00001228    00001228    00000004   00000004    r-- .const:ti_sysbios_heaps_HeapMem_E_memory__C
  0000122c    0000122c    00000004   00000004    r-- .const:ti_sysbios_heaps_HeapMem_Module__gateObj__C
  00001230    00001230    00000004   00000004    r-- .const:ti_sysbios_heaps_HeapMem_Object__count__C
  00001234    00001234    00000004   00000004    r-- .const:ti_sysbios_heaps_HeapMem_Object__table__C
  00001238    00001238    00000004   00000004    r-- .const:ti_sysbios_heaps_HeapMem_reqAlign__C
  0000123c    0000123c    00000004   00000004    r-- .const:ti_sysbios_knl_Clock_triggerClock__C
  00001240    00001240    00000004   00000004    r-- .const:ti_sysbios_knl_Mailbox_Object__count__C
  00001244    00001244    00000004   00000004    r-- .const:ti_sysbios_knl_Mailbox_Object__table__C
  00001248    00001248    00000004   00000004    r-- .const:ti_sysbios_knl_Mailbox_maxTypeAlign__C
  0000124c    0000124c    00000004   00000004    r-- .const:ti_sysbios_knl_Queue_Object__count__C
  00001250    00001250    00000004   00000004    r-- .const:ti_sysbios_knl_Queue_Object__table__C
  00001254    00001254    00000004   00000004    r-- .const:ti_sysbios_knl_Semaphore_eventPost__C
  00001258    00001258    00000004   00000004    r-- .const:ti_sysbios_knl_Semaphore_eventSync__C
  0000125c    0000125c    00000004   00000004    r-- .const:ti_sysbios_knl_Swi_Object__count__C
  00001260    00001260    00000004   00000004    r-- .const:ti_sysbios_knl_Swi_Object__table__C
  00001264    00001264    00000004   00000004    r-- .const:ti_sysbios_knl_Swi_numPriorities__C
  00001268    00001268    00000004   00000004    r-- .const:ti_sysbios_knl_Task_Object__count__C
  0000126c    0000126c    00000004   00000004    r-- .const:ti_sysbios_knl_Task_Object__table__C
  00001270    00001270    00000004   00000004    r-- .const:ti_sysbios_knl_Task_allBlockedFunc__C
  00001274    00001274    00000004   00000004    r-- .const:ti_sysbios_knl_Task_defaultStackHeap__C
  00001278    00001278    00000004   00000004    r-- .const:ti_sysbios_knl_Task_defaultStackSize__C
  0000127c    0000127c    00000004   00000004    r-- .const:ti_sysbios_knl_Task_numConstructedTasks__C
  00001280    00001280    00000002   00000002    r-- .const:ti_sysbios_family_arm_cc26xx_Timer_Module__id__C
  00001282    00001282    00000002   00000002    r-- .const:ti_sysbios_family_arm_cc26xx_TimestampProvider_useClockTimer__C
  00001284    00001284    00000002   00000002    r-- .const:ti_sysbios_family_arm_m3_Hwi_Module__id__C
  00001286    00001286    00000002   00000002    r-- .const:ti_sysbios_gates_GateHwi_Module__id__C
  00001288    00001288    00000002   00000002    r-- .const:ti_sysbios_gates_GateMutex_Module__id__C
  0000128a    0000128a    00000002   00000002    r-- .const:ti_sysbios_heaps_HeapMem_Module__id__C
  0000128c    0000128c    00000002   00000002    r-- .const:ti_sysbios_knl_Task_initStackFlag__C
  0000128e    0000128e    00000001   00000001    r-- .const:ti_sysbios_knl_Clock_tickMode__C
  00001290    00001290    00000008   00000008    r-- .const:xdc_runtime_Startup_firstFxns__C
  00001298    00001298    00000008   00000008    r-- .const:xdc_runtime_Startup_lastFxns__C
  000012a0    000012a0    00000004   00000004    r-- .const:xdc_runtime_Assert_E_assertFailed__C
  000012a4    000012a4    00000004   00000004    r-- .const:xdc_runtime_Error_E_memory__C
  000012a8    000012a8    00000004   00000004    r-- .const:xdc_runtime_Error_policyFxn__C
  000012ac    000012ac    00000004   00000004    r-- .const:xdc_runtime_Error_raiseHook__C
  000012b0    000012b0    00000004   00000004    r-- .const:xdc_runtime_IGateProvider_Interface__BASE__C
  000012b4    000012b4    00000004   00000004    r-- .const:xdc_runtime_IHeap_Interface__BASE__C
  000012b8    000012b8    00000004   00000004    r-- .const:xdc_runtime_IModule_Interface__BASE__C
  000012bc    000012bc    00000004   00000004    r-- .const:xdc_runtime_Memory_defaultHeapInstance__C
  000012c0    000012c0    00000004   00000004    r-- .const:xdc_runtime_Startup_execImpl__C
  000012c4    000012c4    00000004   00000004    r-- .const:xdc_runtime_Startup_maxPasses__C
  000012c8    000012c8    00000004   00000004    r-- .const:xdc_runtime_Startup_sfxnRts__C
  000012cc    000012cc    00000004   00000004    r-- .const:xdc_runtime_Startup_sfxnTab__C
  000012d0    000012d0    00000004   00000004    r-- .const:xdc_runtime_Startup_startModsFxn__C
  000012d4    000012d4    00000004   00000004    r-- .const:xdc_runtime_SysCallback_abortFxn__C
  000012d8    000012d8    00000004   00000004    r-- .const:xdc_runtime_SysCallback_exitFxn__C
  000012dc    000012dc    00000004   00000004    r-- .const:xdc_runtime_System_abortFxn__C
  000012e0    000012e0    00000004   00000004    r-- .const:xdc_runtime_System_exitFxn__C
  000012e4    000012e4    00000004   00000004    r-- .const:xdc_runtime_System_maxAtexitHandlers__C
  000012e8    000012e8    00000004   00000004    r-- .const:xdc_runtime_Text_charTab__C
  000012ec    000012ec    00000004   00000004    r-- .const:xdc_runtime_Text_nameEmpty__C
  000012f0    000012f0    00000004   00000004    r-- .const:xdc_runtime_Text_nameStatic__C
  000012f4    000012f4    00000004   00000004    r-- .const:xdc_runtime_Text_nameUnknown__C
  000012f8    000012f8    00000002   00000002    r-- .const:xdc_runtime_Error_maxDepth__C
  000012fa    000012fa    00000002   00000002    r-- .const:xdc_runtime_Memory_Module__id__C
  000012fc    000012fc    00000002   00000002    r-- .const:xdc_runtime_Text_charCnt__C
  000012fe    000012fe    00000002   00000002    r-- .const:xdc_runtime_Text_isLoaded__C
  00001300    00001300    00000001   00000001    r-- .const:xdc_runtime_Error_policy__C
  00001304    00001304    00000004   00000004    r-- .const:ti_sysbios_rom_ROM_ti_sysbios_family_arm_cc26xx_Timer_getCount64__E
  00001308    00001308    00000004   00000004    r-- .const:ti_sysbios_rom_ROM_ti_sysbios_family_arm_cc26xx_Timer_getCurrentTick__E
  0000130c    0000130c    00000004   00000004    r-- .const:ti_sysbios_rom_ROM_ti_sysbios_family_arm_cc26xx_Timer_getMaxTicks__E
  00001310    00001310    00000004   00000004    r-- .const:ti_sysbios_rom_ROM_ti_sysbios_family_arm_cc26xx_Timer_initDevice__I
  00001314    00001314    00000004   00000004    r-- .const:ti_sysbios_rom_ROM_ti_sysbios_family_arm_cc26xx_Timer_setNextTick__E
  00001318    00001318    00000004   00000004    r-- .const:ti_sysbios_rom_ROM_ti_sysbios_family_arm_cc26xx_Timer_setThreshold__I
  0000131c    0000131c    00000004   00000004    r-- .const:ti_sysbios_rom_ROM_ti_sysbios_family_arm_cc26xx_Timer_start__E
  00001320    00001320    00000004   00000004    r-- .const:ti_sysbios_rom_ROM_ti_sysbios_family_arm_cc26xx_TimestampProvider_get32__E
  00001324    00001324    00000004   00000004    r-- .const:ti_sysbios_rom_ROM_xdc_runtime_Startup_getState__I
  00001328    00001328    00000004   00000004    r-- .const:ti_sysbios_rom_ROM_xdc_runtime_System_SupportProxy_abort__E
  0000132c    0000132c    00000004   00000004    r-- .const:ti_sysbios_rom_ROM_xdc_runtime_System_SupportProxy_exit__E
  00001330    00001330    00011f60   00011f60    r-x .text.2
  00013290    00013290    000014aa   000014aa    r-- .const
  0001473c    0001473c    000000a4   000000a4    r-- .rodata
  000147e0    000147e0    000005fc   000005fc    r-- .cinit
0001e000    0001e000    00001000   00001000    r--
  0001e000    0001e000    00001000   00001000    r-- .snvSectors
0001ffa8    0001ffa8    00000058   00000058    r--
  0001ffa8    0001ffa8    00000058   00000058    r-- .ccfg
20000100    20000100    00000106   00000000    rw-
  20000100    20000100    00000044   00000000    rw- .data:ti_sysbios_knl_Task_Module__state__V
  20000144    20000144    00000034   00000000    rw- .data:ti_sysbios_family_arm_m3_Hwi_Module__state__V
  20000178    20000178    0000002c   00000000    rw- .data:ti_sysbios_knl_Clock_Module__state__V
  200001a4    200001a4    00000024   00000000    rw- .data:ti_sysbios_BIOS_Module__state__V
  200001c8    200001c8    0000001c   00000000    rw- .data:ti_sysbios_knl_Swi_Module__state__V
  200001e4    200001e4    00000008   00000000    rw- .data:ti_sysbios_family_arm_cc26xx_Timer_Module__state__V
  200001ec    200001ec    00000004   00000000    rw- .data:ti_sysbios_family_arm_cc26xx_TimestampProvider_Module__state__V
  200001f0    200001f0    00000008   00000000    rw- .data:xdc_runtime_Startup_Module__state__V
  200001f8    200001f8    00000008   00000000    rw- .data:xdc_runtime_System_Module__state__V
  20000200    20000200    00000004   00000000    rw- .data:xdc_runtime_Memory_Module__state__V
  20000204    20000204    00000002   00000000    rw- .data:xdc_runtime_Error_Module__state__V
20000430    20000430    00000010   00000000    rw-
  20000430    20000430    00000010   00000000    rw- .TI.bound:dmaSpi0RxControlTableEntry
20000440    20000440    00000010   00000000    rw-
  20000440    20000440    00000010   00000000    rw- .TI.bound:dmaSpi0TxControlTableEntry
20000500    20000500    00000010   00000000    rw-
  20000500    20000500    00000010   00000000    rw- .TI.bound:dmaSpi1RxControlTableEntry
20000510    20000510    00002873   00000000    rw-
  20000510    20000510    00000010   00000000    rw- .TI.bound:dmaSpi1TxControlTableEntry
  20000520    20000520    00001521   00000000    rw- .data
  20001a48    20001a48    0000133b   00000000    rw- .bss
20004000    20004000    00000400   00000000    rw-
  20004000    20004000    00000400   00000000    rw- .stack


SECTION ALLOCATION MAP

 output                                  attributes/
section   page    origin      length       input sections
--------  ----  ----------  ----------   ----------------
.const:ti_sysbios_heaps_HeapMem_Module__FXNS__C 
*          0    00001000    00000028     
                  00001000    00000028     app_ble_pem3.oem3 (.const:ti_sysbios_heaps_HeapMem_Module__FXNS__C)

.const:ti_sysbios_gates_GateHwi_Module__FXNS__C 
*          0    00001028    00000024     
                  00001028    00000024     app_ble_pem3.oem3 (.const:ti_sysbios_gates_GateHwi_Module__FXNS__C)

.const:ti_sysbios_gates_GateMutex_Module__FXNS__C 
*          0    0000104c    00000024     
                  0000104c    00000024     app_ble_pem3.oem3 (.const:ti_sysbios_gates_GateMutex_Module__FXNS__C)

.const:ti_sysbios_family_arm_m3_Hwi_Object__DESC__C 
*          0    00001070    00000020     
                  00001070    00000020     app_ble_pem3.oem3 (.const:ti_sysbios_family_arm_m3_Hwi_Object__DESC__C)

.const:ti_sysbios_gates_GateHwi_Object__DESC__C 
*          0    00001090    00000020     
                  00001090    00000020     app_ble_pem3.oem3 (.const:ti_sysbios_gates_GateHwi_Object__DESC__C)

.const:ti_sysbios_gates_GateMutex_Object__DESC__C 
*          0    000010b0    00000020     
                  000010b0    00000020     app_ble_pem3.oem3 (.const:ti_sysbios_gates_GateMutex_Object__DESC__C)

.const:ti_sysbios_hal_Hwi_Object__DESC__C 
*          0    000010d0    00000020     
                  000010d0    00000020     app_ble_pem3.oem3 (.const:ti_sysbios_hal_Hwi_Object__DESC__C)

.const:ti_sysbios_heaps_HeapMem_Object__DESC__C 
*          0    000010f0    00000020     
                  000010f0    00000020     app_ble_pem3.oem3 (.const:ti_sysbios_heaps_HeapMem_Object__DESC__C)

.const:ti_sysbios_knl_Clock_Object__DESC__C 
*          0    00001110    00000020     
                  00001110    00000020     app_ble_pem3.oem3 (.const:ti_sysbios_knl_Clock_Object__DESC__C)

.const:ti_sysbios_knl_Event_Object__DESC__C 
*          0    00001130    00000020     
                  00001130    00000020     app_ble_pem3.oem3 (.const:ti_sysbios_knl_Event_Object__DESC__C)

.const:ti_sysbios_knl_Mailbox_Object__DESC__C 
*          0    00001150    00000020     
                  00001150    00000020     app_ble_pem3.oem3 (.const:ti_sysbios_knl_Mailbox_Object__DESC__C)

.const:ti_sysbios_knl_Queue_Object__DESC__C 
*          0    00001170    00000020     
                  00001170    00000020     app_ble_pem3.oem3 (.const:ti_sysbios_knl_Queue_Object__DESC__C)

.const:ti_sysbios_knl_Semaphore_Object__DESC__C 
*          0    00001190    00000020     
                  00001190    00000020     app_ble_pem3.oem3 (.const:ti_sysbios_knl_Semaphore_Object__DESC__C)

.const:ti_sysbios_knl_Swi_Object__DESC__C 
*          0    000011b0    00000020     
                  000011b0    00000020     app_ble_pem3.oem3 (.const:ti_sysbios_knl_Swi_Object__DESC__C)

.const:ti_sysbios_knl_Task_Object__DESC__C 
*          0    000011d0    00000020     
                  000011d0    00000020     app_ble_pem3.oem3 (.const:ti_sysbios_knl_Task_Object__DESC__C)

.const:ti_sysbios_knl_Idle_funcList__C 
*          0    000011f0    00000008     
                  000011f0    00000008     app_ble_pem3.oem3 (.const:ti_sysbios_knl_Idle_funcList__C)

.const:ti_sysbios_family_arm_cc26xx_Timer_startupNeeded__C 
*          0    000011f8    00000004     
                  000011f8    00000004     app_ble_pem3.oem3 (.const:ti_sysbios_family_arm_cc26xx_Timer_startupNeeded__C)

.const:ti_sysbios_family_arm_m3_Hwi_E_alreadyDefined__C 
*          0    000011fc    00000004     
                  000011fc    00000004     app_ble_pem3.oem3 (.const:ti_sysbios_family_arm_m3_Hwi_E_alreadyDefined__C)

.const:ti_sysbios_family_arm_m3_Hwi_E_hwiLimitExceeded__C 
*          0    00001200    00000004     
                  00001200    00000004     app_ble_pem3.oem3 (.const:ti_sysbios_family_arm_m3_Hwi_E_hwiLimitExceeded__C)

.const:ti_sysbios_family_arm_m3_Hwi_NUM_INTERRUPTS__C 
*          0    00001204    00000004     
                  00001204    00000004     app_ble_pem3.oem3 (.const:ti_sysbios_family_arm_m3_Hwi_NUM_INTERRUPTS__C)

.const:ti_sysbios_family_arm_m3_Hwi_Object__count__C 
*          0    00001208    00000004     
                  00001208    00000004     app_ble_pem3.oem3 (.const:ti_sysbios_family_arm_m3_Hwi_Object__count__C)

.const:ti_sysbios_family_arm_m3_Hwi_Object__table__C 
*          0    0000120c    00000004     
                  0000120c    00000004     app_ble_pem3.oem3 (.const:ti_sysbios_family_arm_m3_Hwi_Object__table__C)

.const:ti_sysbios_family_arm_m3_Hwi_ccr__C 
*          0    00001210    00000004     
                  00001210    00000004     app_ble_pem3.oem3 (.const:ti_sysbios_family_arm_m3_Hwi_ccr__C)

.const:ti_sysbios_family_arm_m3_Hwi_excHandlerFunc__C 
*          0    00001214    00000004     
                  00001214    00000004     app_ble_pem3.oem3 (.const:ti_sysbios_family_arm_m3_Hwi_excHandlerFunc__C)

.const:ti_sysbios_family_arm_m3_Hwi_nullIsrFunc__C 
*          0    00001218    00000004     
                  00001218    00000004     app_ble_pem3.oem3 (.const:ti_sysbios_family_arm_m3_Hwi_nullIsrFunc__C)

.const:ti_sysbios_family_arm_m3_Hwi_numSparseInterrupts__C 
*          0    0000121c    00000004     
                  0000121c    00000004     app_ble_pem3.oem3 (.const:ti_sysbios_family_arm_m3_Hwi_numSparseInterrupts__C)

.const:ti_sysbios_family_arm_m3_Hwi_priGroup__C 
*          0    00001220    00000004     
                  00001220    00000004     app_ble_pem3.oem3 (.const:ti_sysbios_family_arm_m3_Hwi_priGroup__C)

.const:ti_sysbios_family_arm_m3_TaskSupport_stackAlignment__C 
*          0    00001224    00000004     
                  00001224    00000004     app_ble_pem3.oem3 (.const:ti_sysbios_family_arm_m3_TaskSupport_stackAlignment__C)

.const:ti_sysbios_heaps_HeapMem_E_memory__C 
*          0    00001228    00000004     
                  00001228    00000004     app_ble_pem3.oem3 (.const:ti_sysbios_heaps_HeapMem_E_memory__C)

.const:ti_sysbios_heaps_HeapMem_Module__gateObj__C 
*          0    0000122c    00000004     
                  0000122c    00000004     app_ble_pem3.oem3 (.const:ti_sysbios_heaps_HeapMem_Module__gateObj__C)

.const:ti_sysbios_heaps_HeapMem_Object__count__C 
*          0    00001230    00000004     
                  00001230    00000004     app_ble_pem3.oem3 (.const:ti_sysbios_heaps_HeapMem_Object__count__C)

.const:ti_sysbios_heaps_HeapMem_Object__table__C 
*          0    00001234    00000004     
                  00001234    00000004     app_ble_pem3.oem3 (.const:ti_sysbios_heaps_HeapMem_Object__table__C)

.const:ti_sysbios_heaps_HeapMem_reqAlign__C 
*          0    00001238    00000004     
                  00001238    00000004     app_ble_pem3.oem3 (.const:ti_sysbios_heaps_HeapMem_reqAlign__C)

.const:ti_sysbios_knl_Clock_triggerClock__C 
*          0    0000123c    00000004     
                  0000123c    00000004     app_ble_pem3.oem3 (.const:ti_sysbios_knl_Clock_triggerClock__C)

.const:ti_sysbios_knl_Mailbox_Object__count__C 
*          0    00001240    00000004     
                  00001240    00000004     app_ble_pem3.oem3 (.const:ti_sysbios_knl_Mailbox_Object__count__C)

.const:ti_sysbios_knl_Mailbox_Object__table__C 
*          0    00001244    00000004     
                  00001244    00000004     app_ble_pem3.oem3 (.const:ti_sysbios_knl_Mailbox_Object__table__C)

.const:ti_sysbios_knl_Mailbox_maxTypeAlign__C 
*          0    00001248    00000004     
                  00001248    00000004     app_ble_pem3.oem3 (.const:ti_sysbios_knl_Mailbox_maxTypeAlign__C)

.const:ti_sysbios_knl_Queue_Object__count__C 
*          0    0000124c    00000004     
                  0000124c    00000004     app_ble_pem3.oem3 (.const:ti_sysbios_knl_Queue_Object__count__C)

.const:ti_sysbios_knl_Queue_Object__table__C 
*          0    00001250    00000004     
                  00001250    00000004     app_ble_pem3.oem3 (.const:ti_sysbios_knl_Queue_Object__table__C)

.const:ti_sysbios_knl_Semaphore_eventPost__C 
*          0    00001254    00000004     
                  00001254    00000004     app_ble_pem3.oem3 (.const:ti_sysbios_knl_Semaphore_eventPost__C)

.const:ti_sysbios_knl_Semaphore_eventSync__C 
*          0    00001258    00000004     
                  00001258    00000004     app_ble_pem3.oem3 (.const:ti_sysbios_knl_Semaphore_eventSync__C)

.const:ti_sysbios_knl_Swi_Object__count__C 
*          0    0000125c    00000004     
                  0000125c    00000004     app_ble_pem3.oem3 (.const:ti_sysbios_knl_Swi_Object__count__C)

.const:ti_sysbios_knl_Swi_Object__table__C 
*          0    00001260    00000004     
                  00001260    00000004     app_ble_pem3.oem3 (.const:ti_sysbios_knl_Swi_Object__table__C)

.const:ti_sysbios_knl_Swi_numPriorities__C 
*          0    00001264    00000004     
                  00001264    00000004     app_ble_pem3.oem3 (.const:ti_sysbios_knl_Swi_numPriorities__C)

.const:ti_sysbios_knl_Task_Object__count__C 
*          0    00001268    00000004     
                  00001268    00000004     app_ble_pem3.oem3 (.const:ti_sysbios_knl_Task_Object__count__C)

.const:ti_sysbios_knl_Task_Object__table__C 
*          0    0000126c    00000004     
                  0000126c    00000004     app_ble_pem3.oem3 (.const:ti_sysbios_knl_Task_Object__table__C)

.const:ti_sysbios_knl_Task_allBlockedFunc__C 
*          0    00001270    00000004     
                  00001270    00000004     app_ble_pem3.oem3 (.const:ti_sysbios_knl_Task_allBlockedFunc__C)

.const:ti_sysbios_knl_Task_defaultStackHeap__C 
*          0    00001274    00000004     
                  00001274    00000004     app_ble_pem3.oem3 (.const:ti_sysbios_knl_Task_defaultStackHeap__C)

.const:ti_sysbios_knl_Task_defaultStackSize__C 
*          0    00001278    00000004     
                  00001278    00000004     app_ble_pem3.oem3 (.const:ti_sysbios_knl_Task_defaultStackSize__C)

.const:ti_sysbios_knl_Task_numConstructedTasks__C 
*          0    0000127c    00000004     
                  0000127c    00000004     app_ble_pem3.oem3 (.const:ti_sysbios_knl_Task_numConstructedTasks__C)

.const:ti_sysbios_family_arm_cc26xx_Timer_Module__id__C 
*          0    00001280    00000002     
                  00001280    00000002     app_ble_pem3.oem3 (.const:ti_sysbios_family_arm_cc26xx_Timer_Module__id__C)

.const:ti_sysbios_family_arm_cc26xx_TimestampProvider_useClockTimer__C 
*          0    00001282    00000002     
                  00001282    00000002     app_ble_pem3.oem3 (.const:ti_sysbios_family_arm_cc26xx_TimestampProvider_useClockTimer__C)

.const:ti_sysbios_family_arm_m3_Hwi_Module__id__C 
*          0    00001284    00000002     
                  00001284    00000002     app_ble_pem3.oem3 (.const:ti_sysbios_family_arm_m3_Hwi_Module__id__C)

.const:ti_sysbios_gates_GateHwi_Module__id__C 
*          0    00001286    00000002     
                  00001286    00000002     app_ble_pem3.oem3 (.const:ti_sysbios_gates_GateHwi_Module__id__C)

.const:ti_sysbios_gates_GateMutex_Module__id__C 
*          0    00001288    00000002     
                  00001288    00000002     app_ble_pem3.oem3 (.const:ti_sysbios_gates_GateMutex_Module__id__C)

.const:ti_sysbios_heaps_HeapMem_Module__id__C 
*          0    0000128a    00000002     
                  0000128a    00000002     app_ble_pem3.oem3 (.const:ti_sysbios_heaps_HeapMem_Module__id__C)

.const:ti_sysbios_knl_Task_initStackFlag__C 
*          0    0000128c    00000002     
                  0000128c    00000002     app_ble_pem3.oem3 (.const:ti_sysbios_knl_Task_initStackFlag__C)

.const:ti_sysbios_knl_Clock_tickMode__C 
*          0    0000128e    00000001     
                  0000128e    00000001     app_ble_pem3.oem3 (.const:ti_sysbios_knl_Clock_tickMode__C)

.const:xdc_runtime_Startup_firstFxns__C 
*          0    00001290    00000008     
                  00001290    00000008     app_ble_pem3.oem3 (.const:xdc_runtime_Startup_firstFxns__C)

.const:xdc_runtime_Startup_lastFxns__C 
*          0    00001298    00000008     
                  00001298    00000008     app_ble_pem3.oem3 (.const:xdc_runtime_Startup_lastFxns__C)

.const:xdc_runtime_Assert_E_assertFailed__C 
*          0    000012a0    00000004     
                  000012a0    00000004     app_ble_pem3.oem3 (.const:xdc_runtime_Assert_E_assertFailed__C)

.const:xdc_runtime_Error_E_memory__C 
*          0    000012a4    00000004     
                  000012a4    00000004     app_ble_pem3.oem3 (.const:xdc_runtime_Error_E_memory__C)

.const:xdc_runtime_Error_policyFxn__C 
*          0    000012a8    00000004     
                  000012a8    00000004     app_ble_pem3.oem3 (.const:xdc_runtime_Error_policyFxn__C)

.const:xdc_runtime_Error_raiseHook__C 
*          0    000012ac    00000004     
                  000012ac    00000004     app_ble_pem3.oem3 (.const:xdc_runtime_Error_raiseHook__C)

.const:xdc_runtime_IGateProvider_Interface__BASE__C 
*          0    000012b0    00000004     
                  000012b0    00000004     app_ble_pem3.oem3 (.const:xdc_runtime_IGateProvider_Interface__BASE__C)

.const:xdc_runtime_IHeap_Interface__BASE__C 
*          0    000012b4    00000004     
                  000012b4    00000004     app_ble_pem3.oem3 (.const:xdc_runtime_IHeap_Interface__BASE__C)

.const:xdc_runtime_IModule_Interface__BASE__C 
*          0    000012b8    00000004     
                  000012b8    00000004     app_ble_pem3.oem3 (.const:xdc_runtime_IModule_Interface__BASE__C)

.const:xdc_runtime_Memory_defaultHeapInstance__C 
*          0    000012bc    00000004     
                  000012bc    00000004     app_ble_pem3.oem3 (.const:xdc_runtime_Memory_defaultHeapInstance__C)

.const:xdc_runtime_Startup_execImpl__C 
*          0    000012c0    00000004     
                  000012c0    00000004     app_ble_pem3.oem3 (.const:xdc_runtime_Startup_execImpl__C)

.const:xdc_runtime_Startup_maxPasses__C 
*          0    000012c4    00000004     
                  000012c4    00000004     app_ble_pem3.oem3 (.const:xdc_runtime_Startup_maxPasses__C)

.const:xdc_runtime_Startup_sfxnRts__C 
*          0    000012c8    00000004     
                  000012c8    00000004     app_ble_pem3.oem3 (.const:xdc_runtime_Startup_sfxnRts__C)

.const:xdc_runtime_Startup_sfxnTab__C 
*          0    000012cc    00000004     
                  000012cc    00000004     app_ble_pem3.oem3 (.const:xdc_runtime_Startup_sfxnTab__C)

.const:xdc_runtime_Startup_startModsFxn__C 
*          0    000012d0    00000004     
                  000012d0    00000004     app_ble_pem3.oem3 (.const:xdc_runtime_Startup_startModsFxn__C)

.const:xdc_runtime_SysCallback_abortFxn__C 
*          0    000012d4    00000004     
                  000012d4    00000004     app_ble_pem3.oem3 (.const:xdc_runtime_SysCallback_abortFxn__C)

.const:xdc_runtime_SysCallback_exitFxn__C 
*          0    000012d8    00000004     
                  000012d8    00000004     app_ble_pem3.oem3 (.const:xdc_runtime_SysCallback_exitFxn__C)

.const:xdc_runtime_System_abortFxn__C 
*          0    000012dc    00000004     
                  000012dc    00000004     app_ble_pem3.oem3 (.const:xdc_runtime_System_abortFxn__C)

.const:xdc_runtime_System_exitFxn__C 
*          0    000012e0    00000004     
                  000012e0    00000004     app_ble_pem3.oem3 (.const:xdc_runtime_System_exitFxn__C)

.const:xdc_runtime_System_maxAtexitHandlers__C 
*          0    000012e4    00000004     
                  000012e4    00000004     app_ble_pem3.oem3 (.const:xdc_runtime_System_maxAtexitHandlers__C)

.const:xdc_runtime_Text_charTab__C 
*          0    000012e8    00000004     
                  000012e8    00000004     app_ble_pem3.oem3 (.const:xdc_runtime_Text_charTab__C)

.const:xdc_runtime_Text_nameEmpty__C 
*          0    000012ec    00000004     
                  000012ec    00000004     app_ble_pem3.oem3 (.const:xdc_runtime_Text_nameEmpty__C)

.const:xdc_runtime_Text_nameStatic__C 
*          0    000012f0    00000004     
                  000012f0    00000004     app_ble_pem3.oem3 (.const:xdc_runtime_Text_nameStatic__C)

.const:xdc_runtime_Text_nameUnknown__C 
*          0    000012f4    00000004     
                  000012f4    00000004     app_ble_pem3.oem3 (.const:xdc_runtime_Text_nameUnknown__C)

.const:xdc_runtime_Error_maxDepth__C 
*          0    000012f8    00000002     
                  000012f8    00000002     app_ble_pem3.oem3 (.const:xdc_runtime_Error_maxDepth__C)

.const:xdc_runtime_Memory_Module__id__C 
*          0    000012fa    00000002     
                  000012fa    00000002     app_ble_pem3.oem3 (.const:xdc_runtime_Memory_Module__id__C)

.const:xdc_runtime_Text_charCnt__C 
*          0    000012fc    00000002     
                  000012fc    00000002     app_ble_pem3.oem3 (.const:xdc_runtime_Text_charCnt__C)

.const:xdc_runtime_Text_isLoaded__C 
*          0    000012fe    00000002     
                  000012fe    00000002     app_ble_pem3.oem3 (.const:xdc_runtime_Text_isLoaded__C)

.const:xdc_runtime_Error_policy__C 
*          0    00001300    00000001     
                  00001300    00000001     app_ble_pem3.oem3 (.const:xdc_runtime_Error_policy__C)

.const:ti_sysbios_rom_ROM_ti_sysbios_family_arm_cc26xx_Timer_getCount64__E 
*          0    00001304    00000004     
                  00001304    00000004     app_ble_pem3.oem3 (.const:ti_sysbios_rom_ROM_ti_sysbios_family_arm_cc26xx_Timer_getCount64__E)

.const:ti_sysbios_rom_ROM_ti_sysbios_family_arm_cc26xx_Timer_getCurrentTick__E 
*          0    00001308    00000004     
                  00001308    00000004     app_ble_pem3.oem3 (.const:ti_sysbios_rom_ROM_ti_sysbios_family_arm_cc26xx_Timer_getCurrentTick__E)

.const:ti_sysbios_rom_ROM_ti_sysbios_family_arm_cc26xx_Timer_getMaxTicks__E 
*          0    0000130c    00000004     
                  0000130c    00000004     app_ble_pem3.oem3 (.const:ti_sysbios_rom_ROM_ti_sysbios_family_arm_cc26xx_Timer_getMaxTicks__E)

.const:ti_sysbios_rom_ROM_ti_sysbios_family_arm_cc26xx_Timer_initDevice__I 
*          0    00001310    00000004     
                  00001310    00000004     app_ble_pem3.oem3 (.const:ti_sysbios_rom_ROM_ti_sysbios_family_arm_cc26xx_Timer_initDevice__I)

.const:ti_sysbios_rom_ROM_ti_sysbios_family_arm_cc26xx_Timer_setNextTick__E 
*          0    00001314    00000004     
                  00001314    00000004     app_ble_pem3.oem3 (.const:ti_sysbios_rom_ROM_ti_sysbios_family_arm_cc26xx_Timer_setNextTick__E)

.const:ti_sysbios_rom_ROM_ti_sysbios_family_arm_cc26xx_Timer_setThreshold__I 
*          0    00001318    00000004     
                  00001318    00000004     app_ble_pem3.oem3 (.const:ti_sysbios_rom_ROM_ti_sysbios_family_arm_cc26xx_Timer_setThreshold__I)

.const:ti_sysbios_rom_ROM_ti_sysbios_family_arm_cc26xx_Timer_start__E 
*          0    0000131c    00000004     
                  0000131c    00000004     app_ble_pem3.oem3 (.const:ti_sysbios_rom_ROM_ti_sysbios_family_arm_cc26xx_Timer_start__E)

.const:ti_sysbios_rom_ROM_ti_sysbios_family_arm_cc26xx_TimestampProvider_get32__E 
*          0    00001320    00000004     
                  00001320    00000004     app_ble_pem3.oem3 (.const:ti_sysbios_rom_ROM_ti_sysbios_family_arm_cc26xx_TimestampProvider_get32__E)

.const:ti_sysbios_rom_ROM_xdc_runtime_Startup_getState__I 
*          0    00001324    00000004     
                  00001324    00000004     app_ble_pem3.oem3 (.const:ti_sysbios_rom_ROM_xdc_runtime_Startup_getState__I)

.const:ti_sysbios_rom_ROM_xdc_runtime_System_SupportProxy_abort__E 
*          0    00001328    00000004     
                  00001328    00000004     app_ble_pem3.oem3 (.const:ti_sysbios_rom_ROM_xdc_runtime_System_SupportProxy_abort__E)

.const:ti_sysbios_rom_ROM_xdc_runtime_System_SupportProxy_exit__E 
*          0    0000132c    00000004     
                  0000132c    00000004     app_ble_pem3.oem3 (.const:ti_sysbios_rom_ROM_xdc_runtime_System_SupportProxy_exit__E)

.data:ti_sysbios_knl_Task_Module__state__V 
*          0    20000100    00000044     UNINITIALIZED
                  20000100    00000044     app_ble_pem3.oem3 (.data:ti_sysbios_knl_Task_Module__state__V)

.data:ti_sysbios_family_arm_m3_Hwi_Module__state__V 
*          0    20000144    00000034     UNINITIALIZED
                  20000144    00000034     app_ble_pem3.oem3 (.data:ti_sysbios_family_arm_m3_Hwi_Module__state__V)

.data:ti_sysbios_knl_Clock_Module__state__V 
*          0    20000178    0000002c     UNINITIALIZED
                  20000178    0000002c     app_ble_pem3.oem3 (.data:ti_sysbios_knl_Clock_Module__state__V)

.data:ti_sysbios_BIOS_Module__state__V 
*          0    200001a4    00000024     UNINITIALIZED
                  200001a4    00000024     app_ble_pem3.oem3 (.data:ti_sysbios_BIOS_Module__state__V)

.data:ti_sysbios_knl_Swi_Module__state__V 
*          0    200001c8    0000001c     UNINITIALIZED
                  200001c8    0000001c     app_ble_pem3.oem3 (.data:ti_sysbios_knl_Swi_Module__state__V)

.data:ti_sysbios_family_arm_cc26xx_Timer_Module__state__V 
*          0    200001e4    00000008     UNINITIALIZED
                  200001e4    00000008     app_ble_pem3.oem3 (.data:ti_sysbios_family_arm_cc26xx_Timer_Module__state__V)

.data:ti_sysbios_family_arm_cc26xx_TimestampProvider_Module__state__V 
*          0    200001ec    00000004     UNINITIALIZED
                  200001ec    00000004     app_ble_pem3.oem3 (.data:ti_sysbios_family_arm_cc26xx_TimestampProvider_Module__state__V)

.data:xdc_runtime_Startup_Module__state__V 
*          0    200001f0    00000008     UNINITIALIZED
                  200001f0    00000008     app_ble_pem3.oem3 (.data:xdc_runtime_Startup_Module__state__V)

.data:xdc_runtime_System_Module__state__V 
*          0    200001f8    00000008     UNINITIALIZED
                  200001f8    00000008     app_ble_pem3.oem3 (.data:xdc_runtime_System_Module__state__V)

.data:xdc_runtime_Memory_Module__state__V 
*          0    20000200    00000004     UNINITIALIZED
                  20000200    00000004     app_ble_pem3.oem3 (.data:xdc_runtime_Memory_Module__state__V)

.data:xdc_runtime_Error_Module__state__V 
*          0    20000204    00000002     UNINITIALIZED
                  20000204    00000002     app_ble_pem3.oem3 (.data:xdc_runtime_Error_Module__state__V)

.bootVecs 
*          0    00000000    00000008     DSECT
                  00000000    00000008     boot.aem3 : boot.oem3 (.bootVecs)

.resetVecs 
*          0    00000000    0000003c     
                  00000000    0000003c     app_ble_pem3.oem3 (.resetVecs)

.vecs      0    20000000    000000c8     NOLOAD SECTION
                  20000000    000000c8     app_ble_pem3.oem3 (.vecs)

xdc.meta   0    00000000    0000010b     COPY SECTION
                  00000000    0000010b     app_ble_pem3.oem3 (xdc.meta)

xdc.noload 
*          0    00000000    00000000     COPY SECTION

.cinit     0    000147e0    000005fc     
                  000147e0    00000477     (.cinit..data.load) [load image, compression = lzss]
                  00014c57    00000028     (.cinit..data:ti_sysbios_family_arm_m3_Hwi_Module__state__V.load) [load image, compression = lzss]
                  00014c7f    00000021     (.cinit..data:ti_sysbios_knl_Task_Module__state__V.load) [load image, compression = lzss]
                  00014ca0    0000001f     (.cinit..data:ti_sysbios_BIOS_Module__state__V.load) [load image, compression = lzss]
                  00014cbf    0000001e     (.cinit..data:ti_sysbios_knl_Clock_Module__state__V.load) [load image, compression = lzss]
                  00014cdd    00000010     (.cinit..data:ti_sysbios_knl_Swi_Module__state__V.load) [load image, compression = lzss]
                  00014ced    00000003     --HOLE-- [fill = 0]
                  00014cf0    0000000c     (__TI_handler_table)
                  00014cfc    0000000b     (.cinit..data:ti_sysbios_family_arm_cc26xx_Timer_Module__state__V.load) [load image, compression = lzss]
                  00014d07    00000001     --HOLE-- [fill = 0]
                  00014d08    00000008     (.cinit..TI.bound:dmaSpi0RxControlTableEntry.load) [load image, compression = zero_init]
                  00014d10    00000008     (.cinit..TI.bound:dmaSpi0TxControlTableEntry.load) [load image, compression = zero_init]
                  00014d18    00000008     (.cinit..TI.bound:dmaSpi1RxControlTableEntry.load) [load image, compression = zero_init]
                  00014d20    00000008     (.cinit..TI.bound:dmaSpi1TxControlTableEntry.load) [load image, compression = zero_init]
                  00014d28    00000008     (.cinit..bss.load) [load image, compression = zero_init]
                  00014d30    00000008     (.cinit..data:xdc_runtime_Memory_Module__state__V.load) [load image, compression = lzss]
                  00014d38    00000007     (.cinit..data:ti_sysbios_family_arm_cc26xx_TimestampProvider_Module__state__V.load) [load image, compression = lzss]
                  00014d3f    00000007     (.cinit..data:xdc_runtime_Startup_Module__state__V.load) [load image, compression = lzss]
                  00014d46    00000007     (.cinit..data:xdc_runtime_System_Module__state__V.load) [load image, compression = lzss]
                  00014d4d    00000006     (.cinit..data:xdc_runtime_Error_Module__state__V.load) [load image, compression = lzss]
                  00014d53    00000001     --HOLE-- [fill = 0]
                  00014d54    00000088     (__TI_cinit_table)

.init_array 
*          0    00000000    00000000     UNINITIALIZED

.snvSectors 
*          0    0001e000    00001000     
                  0001e000    00001000     simple_peripheral_cc2640r2lp_stack_library.lib : osal_snv_wrapper.obj (.snvSectors:retain)

.ccfg      0    0001ffa8    00000058     
                  0001ffa8    00000058     ccfg_app_ble.obj (.ccfg:retain)

.TI.bound:dmaSpi0RxControlTableEntry 
*          0    20000430    00000010     UNINITIALIZED
                  20000430    00000010     drivers_cc26x0r2.aem3 : SPICC26XXDMA.oem3 (.TI.bound:dmaSpi0RxControlTableEntry)

.TI.bound:dmaSpi1RxControlTableEntry 
*          0    20000500    00000010     UNINITIALIZED
                  20000500    00000010     drivers_cc26x0r2.aem3 : SPICC26XXDMA.oem3 (.TI.bound:dmaSpi1RxControlTableEntry)

.data      0    20000520    00001521     UNINITIALIZED
                  20000520    000004a0     simple_peripheral.obj (.data:$O1$$)
                  200009c0    000001d4     devinfoservice.obj (.data:$O10$$)
                  20000b94    000001c4     sensors.obj (.data:$O17$$)
                  20000d58    00000174     simple_peripheral_cc2640r2lp_stack_library.lib : gapbondmgr.obj (.data:$O24$$)
                  20000ecc    00000160     peripheral.obj (.data:$O12$$)
                  2000102c    00000114     drivers_cc26x0r2.aem3 : PINCC26XX.oem3 (.data:$O1$$)
                  20001140    00000114                           : PowerCC26XX.oem3 (.data:PowerCC26XX_module)
                  20001254    000000e4     bacpac_service.obj (.data:$O8$$)
                  20001338    0000009c     icall.obj (.data:$O5$$)
                  200013d4    0000007c     simple_peripheral_cc2640r2lp_stack_library.lib : osal_cbtimer.obj (.data:$O26$$)
                  20001450    00000070     cc26xx_profiles_pxxx.a : gapgattserver.o (.data)
                  200014c0    00000058     drivers_cc26x0r2.aem3 : CryptoResourceCC26XX.oem3 (.data:$O1$$)
                  20001518    00000058     cc26xx_gap_pxxx.a : gap_configmgr.o (.data)
                  20001570    0000004c     app_ble_pem3.oem3 (.data:ti_sysbios_knl_Task_Object__table__V)
                  200015bc    00000048     Serializer.obj (.data:$O15$$)
                  20001604    00000004     simple_peripheral_cc2640r2lp_stack_library.lib : osal_pwrmgr.obj (.data:$O21$$)
                  20001608    00000048     app_ble_pem3.oem3 (.data:ti_sysbios_family_arm_cc26xx_Timer_Object__table__V)
                  20001650    00000040     drivers_cc26x0r2.aem3 : GPIOCC26XX.oem3 (.data:$O1$$)
                  20001690    00000038     cc2640_ctrlll_pxxx.a : ll_config.o (.data)
                  200016c8    00000038     app_ble_pem3.oem3 (.data:ti_sysbios_gates_GateMutex_Object__table__V)
                  20001700    00000030     board.obj (.data:gpioPinConfigs)
                  20001730    00000030     ble_user_config.obj (.data:rfRegTbl)
                  20001760    00000030     app_ble_pem3.oem3 (.data:ti_sysbios_knl_Swi_Module_State_0_readyQ__A)
                  20001790    00000030     app_ble_pem3.oem3 (.data:ti_sysbios_knl_Swi_Object__table__V)
                  200017c0    00000030     app_ble_pem3.oem3 (.data:ti_sysbios_knl_Task_Module_State_0_readyQ__A)
                  200017f0    0000002c     simple_peripheral_cc2640r2lp_stack_library.lib : osal.obj (.data:$O20$$)
                  2000181c    00000028     ECCROMCC26XX.obj (.data:$O2$$)
                  20001844    00000024     cc26xx_profiles_pxxx.a : gapgattserver.o (.data)
                  20001868    00000020     drivers_cc26x0r2.aem3 : ADCCC26XX.oem3 (.data:$O1$$)
                  20001888    00000020     app_ble_pem3.oem3 (.data:ti_sysbios_knl_Clock_Object__table__V)
                  200018a8    00000020     app_ble_pem3.oem3 (.data:xdc_runtime_Error_IgnoreBlock)
                  200018c8    00000018     app_ble_pem3.oem3 (.data:ti_sysbios_family_arm_m3_Hwi_Object__table__V)
                  200018e0    00000010     icall_user_config.obj (.data:bleAppServiceInfoTable)
                  200018f0    00000010     cc26xx_profiles_pxxx.a : gattservapp.o (.data)
                  20001900    00000010     board.obj (.data:gpioCallbackFunctions)
                  20001910    00000010     icall_api_lite.obj (.data)
                  20001920    00000010     ble_user_config.obj (.data:rfModeOverride)
                  20001930    00000010     main.obj (.data:user0Cfg)
                  20001940    0000000d     bacpac_service.obj (.data:bacpac_service_TransferringDesc$11)
                  2000194d    00000003     bacpac_service.obj (.data)
                  20001950    0000000c     cc2640_ctrlll_pxxx.a : ll_data.o (.data)
                  2000195c    0000000c     app_ble_pem3.oem3 (.data:ti_sysbios_heaps_HeapCallback_Object__table__V)
                  20001968    0000000b     bacpac_service.obj (.data:bacpac_service_ExercisingDesc$11)
                  20001973    00000009     devinfoservice.obj (.data)
                  2000197c    00000008     simple_peripheral_cc2640r2lp_stack_library.lib : hal_assert.obj (.data:$O19$$)
                  20001984    00000008                                                    : osal_clock.obj (.data:$O27$$)
                  2000198c    00000008     rtsv7M3_T_le_eabi.lib : _lock.c.obj (.data:$O28$$)
                  20001994    00000008     icall_cc2650.obj (.data:$O7$$)
                  2000199c    00000008     bacpac_service.obj (.data:bacpac_service_ChannelDesc$11)
                  200019a4    00000008     app_ble_pem3.oem3 (.data:ti_sysbios_family_arm_m3_Hwi_Module__root__V)
                  200019ac    00000008     app_ble_pem3.oem3 (.data:ti_sysbios_gates_GateHwi_Module__root__V)
                  200019b4    00000008     app_ble_pem3.oem3 (.data:ti_sysbios_gates_GateMutex_Module__root__V)
                  200019bc    00000008     app_ble_pem3.oem3 (.data:ti_sysbios_hal_Hwi_Module__root__V)
                  200019c4    00000008     app_ble_pem3.oem3 (.data:ti_sysbios_heaps_HeapCallback_Module__root__V)
                  200019cc    00000008     app_ble_pem3.oem3 (.data:ti_sysbios_heaps_HeapMem_Module__root__V)
                  200019d4    00000008     app_ble_pem3.oem3 (.data:ti_sysbios_knl_Clock_Module__root__V)
                  200019dc    00000008     app_ble_pem3.oem3 (.data:ti_sysbios_knl_Event_Module__root__V)
                  200019e4    00000008     app_ble_pem3.oem3 (.data:ti_sysbios_knl_Mailbox_Module__root__V)
                  200019ec    00000008     app_ble_pem3.oem3 (.data:ti_sysbios_knl_Queue_Module__root__V)
                  200019f4    00000008     app_ble_pem3.oem3 (.data:ti_sysbios_knl_Semaphore_Module__root__V)
                  200019fc    00000008     app_ble_pem3.oem3 (.data:ti_sysbios_knl_Swi_Module__root__V)
                  20001a04    00000008     app_ble_pem3.oem3 (.data:ti_sysbios_knl_Task_Module__root__V)
                  20001a0c    00000008     app_ble_pem3.oem3 (.data:xdc_runtime_Registry_Module__state__V)
                  20001a14    00000004     simple_peripheral_cc2640r2lp_stack_library.lib : osal_snv_wrapper.obj (.data:$O22$$)
                  20001a18    00000004     ble_user_config.obj (.data)
                  20001a1c    00000004     rtsv7M3_T_le_eabi.lib : stkdepth_vars.c.obj (.data)
                  20001a20    00000004     simple_peripheral_cc2640r2lp_stack_library.lib : ble_user_config.obj (.data)
                  20001a24    00000004                                                    : osal_bufmgr.obj (.data)
                  20001a28    00000004     app_ble_pem3.oem3 (.data:ti_sysbios_family_arm_m3_Hwi_Module_State_0_excContext__A)
                  20001a2c    00000004     app_ble_pem3.oem3 (.data:ti_sysbios_family_arm_m3_Hwi_Module_State_0_excStack__A)
                  20001a30    00000004     app_ble_pem3.oem3 (.data:ti_sysbios_knl_Task_Module_State_0_idleTask__A)
                  20001a34    00000002     app_ble_pem3.oem3 (.data:ti_sysbios_family_arm_m3_Hwi_Module_State_0_excActive__A)
                  20001a36    00000001     TRNGCC26XX.obj (.data)
                  20001a37    00000001     cc2640_ctrlll_pxxx.a : ll_data.o (.data)
                  20001a38    00000001     cc26xx_profiles_pxxx.a : gapgattserver.o (.data)
                  20001a39    00000001                            : gapgattserver.o (.data)
                  20001a3a    00000001                            : gapgattserver.o (.data)
                  20001a3b    00000001     drivers_cc26x0r2.aem3 : ADC.oem3 (.data)
                  20001a3c    00000001                           : CryptoCC26XX.oem3 (.data)
                  20001a3d    00000001                           : I2C.oem3 (.data)
                  20001a3e    00000001                           : SD.oem3 (.data)
                  20001a3f    00000001                           : SPI.oem3 (.data)
                  20001a40    00000001                           : UART.oem3 (.data)

.bss       0    20001a48    0000133b     UNINITIALIZED
                  20001a48    000003a0     RFCC26XX_singleMode.obj (.bss:$O4$$)
                  20001de8    000002d4     Storage.obj (.bss:$O16$$)
                  200020bc    00000004     att_rsp.obj (.bss)
                  200020c0    00000200     app_ble_pem3.oem3 (.bss:taskStackSection)
                  200022c0    000001e0     (.common:gapRoleTaskStack)
                  200024a0    000001c8     (.common:spiCC26XXDMAObjects)
                  20002668    0000012c     (.common:uartCC26XXObjects)
                  20002794    00000120     (.common:gptimerCC26XXObjects)
                  200028b4    000000e0     (.common:i2cCC26xxObjects)
                  20002994    000000dc     (.common:adcCC26xxObjects)
                  20002a70    000000c8     (.common:ti_sysbios_family_arm_m3_Hwi_dispatchTable)
                  20002b38    00000080     board.obj (.bss:uartStringBuf$21)
                  20002bb8    00000078     cc2640_ctrlll_pxxx.a : ll.o (.bss)
                  20002c30    00000030     DiskAccess.obj (.bss:$O14$$)
                  20002c60    0000002c     (.common:cryptoCC26XXObjects)
                  20002c8c    00000020     (.common:uartCC26XXRingBuffer)
                  20002cac    00000020     (.common:udmaObjects)
                  20002ccc    00000014     RFCC26XX_singleMode.obj (.bss:RF_ratSyncCmd$4)
                  20002ce0    00000014     driverlib.lib : osc.obj (.bss:oscHfGlobals$70)
                  20002cf4    00000010     util.obj (.bss:str$1$2)
                  20002d04    0000000c     simple_peripheral_cc2640r2lp_stack_library.lib : osal_timers.obj (.bss:$O23$$)
                  20002d10    0000000c     cc2640_ctrlll_pxxx.a : ll_scheduler.o (.bss)
                  20002d1c    0000000c     (.common:displayUartObject)
                  20002d28    0000000c     (.common:sdspiObjects)
                  20002d34    00000008     dpl_cc26x0r2.aem3 : PowerCC26XX_tirtos.oem3 (.bss:$O1$$)
                  20002d3c    00000008     cc2640_ctrlll_pxxx.a : ll_common.o (.bss)
                  20002d44    00000008                          : ll_common.o (.bss)
                  20002d4c    00000008     driverlib.lib : sys_ctrl.obj (.bss:powerQualGlobals$72)
                  20002d54    00000004     cc2640_ctrlll_pxxx.a : ll.o (.bss)
                  20002d58    00000004                          : ll.o (.bss)
                  20002d5c    00000004                          : ll.o (.bss)
                  20002d60    00000004                          : ll_common.o (.bss)
                  20002d64    00000004     cc26xx_gap_pxxx.a : gap_linkmgr.o (.bss)
                  20002d68    00000004     cc26xx_profiles_pxxx.a : gapgattserver.o (.bss)
                  20002d6c    00000004     (.common:ClockP_tickPeriod)
                  20002d70    00000004     (.common:tasksEvents)
                  20002d74    00000004     (.common:trngCC26XXObjects)
                  20002d78    00000002     cc2640_ctrlll_pxxx.a : ll_slave_end_causes.o (.bss)
                  20002d7a    00000001     RFCC26XX_singleMode.obj (.bss)
                  20002d7b    00000001     cc26xx_hci_tl_none.a : hci_tl.o (.bss)
                  20002d7c    00000001                          : hci_tl.o (.bss)
                  20002d7d    00000001                          : hci_tl.o (.bss)
                  20002d7e    00000001                          : hci_tl.o (.bss)
                  20002d7f    00000001                          : hci_tl.o (.bss)
                  20002d80    00000001     drivers_cc26x0r2.aem3 : CryptoCC26XX.oem3 (.bss)
                  20002d81    00000001     (.common:driverlib_release_0_60062)
                  20002d82    00000001     (.common:icall_liteTaskId)

.vtable    0    20002d83    00000000     UNINITIALIZED

.vtable_ram 
*          0    20002d83    00000000     UNINITIALIZED

vtable_ram 
*          0    20002d83    00000000     UNINITIALIZED

.sysmem    0    20002d83    00000000     UNINITIALIZED

.nonretenvar 
*          0    20002d83    00000000     UNINITIALIZED

.stack     0    20004000    00000400     UNINITIALIZED
                  20004000    00000400     --HOLE--

.TI.bound:dmaSpi0TxControlTableEntry 
*          0    20000440    00000010     UNINITIALIZED
                  20000440    00000010     drivers_cc26x0r2.aem3 : SPICC26XXDMA.oem3 (.TI.bound:dmaSpi0TxControlTableEntry)

.TI.bound:dmaSpi1TxControlTableEntry 
*          0    20000510    00000010     UNINITIALIZED
                  20000510    00000010     drivers_cc26x0r2.aem3 : SPICC26XXDMA.oem3 (.TI.bound:dmaSpi1TxControlTableEntry)

.text.1    0    0000003c    00000fc4     
                  0000003c    00000700     sensors.obj (.text:DACtimerCallback)
                  0000073c    00000008     (.tramp.ti_sysbios_knl_Semaphore_pend__E.1)
                  00000744    00000008     (.tramp.ti_sysbios_knl_Semaphore_post__E.1)
                  0000074c    00000570     peripheral.obj (.text:gapRole_taskFxn$15)
                  00000cbc    00000008     (.tramp.ti_sysbios_knl_Clock_stop__E.1)
                  00000cc4    00000008     (.tramp.ti_sysbios_knl_Event_pend__E.1)
                  00000ccc    00000008     (.tramp.ti_sysbios_knl_Event_post__E.1)
                  00000cd4    00000320     rom_sysbios.aem3 : rom_sysbios.obj (.text:xdc_runtime_System_doPrint__I)
                  00000ff4    0000000c     dpl_cc26x0r2.aem3 : ClockP_tirtos.oem3 (.text:ClockP_getSystemTickPeriod)

.text.2    0    00001330    00011f60     
                  00001330    00000504     simple_peripheral.obj (.text:SimplePeripheral_taskFxn$1)
                  00001834    0000047c     simple_peripheral_cc2640r2lp_stack_library.lib : icall_startup.obj (.text:startup_entry)
                  00001cb0    00000478     cc2640_ctrlll_pxxx.a : ll.o (.text)
                  00002128    00000460     sensors.obj (.text:Sensors_init)
                  00002588    00000340     simple_peripheral.obj (.text:SimplePeripheral_init$1)
                  000028c8    00000330     cc2640_ctrlll_pxxx.a : ll_slave_end_causes.o (.text)
                  00002bf8    00000320                          : ll.o (.text)
                  00002f18    00000314     drivers_cc26x0r2.aem3 : PowerCC26XX_calibrateRCOSC.oem3 (.text:PowerCC26XX_auxISR)
                  0000322c    000002f4     cc2640_ctrlll_pxxx.a : ll_scheduler.o (.text)
                  00003520    000002e4                          : ll_common.o (.text)
                  00003804    000002cc     RFCC26XX_singleMode.obj (.text:RF_fsmActiveState$4)
                  00003ad0    00000294     peripheral.obj (.text:GAPRole_SetParameter)
                  00003d64    00000294     cc2640_ctrlll_pxxx.a : ll_isr.o (.text)
                  00003ff8    00000278     drivers_cc26x0r2.aem3 : CryptoCC26XX.oem3 (.text:cryptoTransactionExecute)
                  00004270    00000260     simple_peripheral_cc2640r2lp_stack_library.lib : gapbondmgr.obj (.text:GAPBondMgr_SetParameter)
                  000044d0    00000240     cc2640_ctrlll_pxxx.a : ble.o (.text)
                  00004710    00000238     cc26xx_profiles_pxxx.a : gapgattserver.o (.text)
                  00004948    00000238     icall.obj (.text:icall_directAPI)
                  00004b80    0000022c     drivers_cc26x0r2.aem3 : PowerCC26XX.oem3 (.text:Power_sleep)
                  00004dac    00000220     driverlib.lib : sys_ctrl.obj (.text:NOROM_SysCtrlSetRechargeBeforePowerDown)
                  00004fcc    0000021c     RFCC26XX_singleMode.obj (.text:RF_open)
                  000051e8    0000021c     drivers_cc26x0r2.aem3 : SPICC26XXDMA.oem3 (.text:SPICC26XXDMA_transfer)
                  00005404    00000214     ECCROMCC26XX.obj (.text:ECC_VerifyPublicKeyWeierstrass$3)
                  00005618    0000020c     simple_peripheral_cc2640r2lp_stack_library.lib : gapbondmgr.obj (.text:GAPBondMgr_ProcessGAPMsg)
                  00005824    00000200     cc26xx_profiles_pxxx.a : gattservapp.o (.text)
                  00005a24    000001f4     simple_peripheral.obj (.text:SimplePeripheral_processStateChangeEvt$1)
                  00005c18    000001ec     RFCC26XX_singleMode.obj (.text:RF_fsmSetupState$4)
                  00005e04    000001d0     simple_peripheral_cc2640r2lp_stack_library.lib : gapbondmgr.obj (.text:gapBondMgrAddBond$36)
                  00005fd4    000001bc     main.obj (.text:AssertHandler)
                  00006190    000001b6     rtsv7M3_T_le_eabi.lib : fd_add_t2.asm.obj (.text)
                  00006346    00000002     ble_user_config.obj (.text:DefaultAssertCback)
                  00006348    000001b4     drivers_cc26x0r2.aem3 : SDSPI.oem3 (.text:SDSPI_initialize)
                  000064fc    000001b0     ECCROMCC26XX.obj (.text:ECCROMCC26XX_genDHKey)
                  000066ac    000001b0     drivers_cc26x0r2.aem3 : PINCC26XX.oem3 (.text:PIN_init)
                  0000685c    000001b0     cc2640_ctrlll_pxxx.a : ll_isr.o (.text)
                  00006a0c    00000190     sensors.obj (.text:MUXtimerCallback)
                  00006b9c    00000190     drivers_cc26x0r2.aem3 : PowerCC26XX_calibrateRCOSC.oem3 (.text:PowerCC26XX_doCalibrate)
                  00006d2c    00000190     simple_peripheral_cc2640r2lp_stack_library.lib : gapbondmgr.obj (.text:gapBondMgrAuthenticate$36)
                  00006ebc    0000018c     cc2640_ctrlll_pxxx.a : ll.o (.text)
                  00007048    0000018c                          : ll_isr.o (.text)
                  000071d4    0000015c     drivers_cc26x0r2.aem3 : UARTCC26XX.oem3 (.text:UARTCC26XX_open)
                  00007330    00000158                           : SPICC26XXDMA.oem3 (.text:SPICC26XXDMA_initIO)
                  00007488    00000150     simple_peripheral_cc2640r2lp_stack_library.lib : gapbondmgr.obj (.text:GAPBondMgr_ProcessEvent)
                  000075d8    00000150     cc2640_ctrlll_pxxx.a : ll_common.o (.text)
                  00007728    0000014c     drivers_cc26x0r2.aem3 : I2CCC26XX.oem3 (.text:I2CCC26XX_open)
                  00007874    00000148                           : UARTCC26XX.oem3 (.text:UARTCC26XX_hwiIntFxn)
                  000079bc    00000136                           : UARTCC26XX.oem3 (.text:UARTCC26XX_read)
                  00007af2    00000136     rtsv7M3_T_le_eabi.lib : fd_div_t2.asm.obj (.text)
                  00007c28    00000130     ECCROMCC26XX.obj (.text:ECCROMCC26XX_genKeys)
                  00007d58    0000012c     drivers_cc26x0r2.aem3 : PowerCC26XX.oem3 (.text:Power_init)
                  00007e84    0000012c     simple_peripheral_cc2640r2lp_stack_library.lib : gapbondmgr.obj (.text:gapBondMgrEraseBonding$36)
                  00007fb0    00000128     cc2640_ctrlll_pxxx.a : ll_scheduler.o (.text)
                  000080d8    0000011c     drivers_cc26x0r2.aem3 : SPICC26XXDMA.oem3 (.text:SPICC26XXDMA_open)
                  000081f4    00000118     simple_peripheral_cc2640r2lp_stack_library.lib : osal_snv_wrapper.obj (.text:compactPage$33)
                  0000830c    00000114     drivers_cc26x0r2.aem3 : I2CCC26XX.oem3 (.text:I2CCC26XX_hwiFxn)
                  00008420    00000114     cc26xx_gap_pxxx.a : gap_linkmgr.o (.text)
                  00008534    00000110     drivers_cc26x0r2.aem3 : GPIOCC26XX.oem3 (.text:GPIO_setConfig)
                  00008644    00000110                           : PINCC26XX.oem3 (.text:PINCC26XX_setIoCfg)
                  00008754    00000110     cc26xx_gatt_pxxx.a : gatt_server.o (.text)
                  00008864    0000010c     drivers_cc26x0r2.aem3 : SPICC26XXDMA.oem3 (.text:SPICC26XXDMA_configDMA)
                  00008970    00000108     app_ble_pem3.oem3 (.text:xdc_runtime_System_printfExtend__I)
                  00008a78    000000fc     rtsv7M3_T_le_eabi.lib : fd_mul_t2.asm.obj (.text)
                  00008b74    000000fa                           : fs_add_t2.asm.obj (.text)
                  00008c6e    00000002     display.aem3 : DisplayUart.oem3 (.text:DisplayUartAnsi_init)
                  00008c70    000000f8     simple_peripheral_cc2640r2lp_stack_library.lib : osal_snv_wrapper.obj (.text:osal_snv_write)
                  00008d68    000000f0     cc2640_ctrlll_pxxx.a : ll.o (.text)
                  00008e58    000000ec     simple_peripheral_cc2640r2lp_stack_library.lib : gapbondmgr.obj (.text:GAPBondMgr_LinkEst)
                  00008f44    000000ec     RFCC26XX_singleMode.obj (.text:RF_radioOpDoneCb$4)
                  00009030    000000ec     cc26xx_profiles_pxxx.a : gattservapp.o (.text)
                  0000911c    000000e8     dpl_cc26x0r2.aem3 : PowerCC26XX_tirtos.oem3 (.text:PowerCC26XX_standbyPolicy)
                  00009204    000000e8     bacpac_service.obj (.text:bacpac_service_WriteAttrCB$11)
                  000092ec    000000e8     simple_peripheral_cc2640r2lp_stack_library.lib : osal_timers.obj (.text:osalTimerUpdate)
                  000093d4    000000e4     drivers_cc26x0r2.aem3 : SPICC26XXDMA.oem3 (.text:SPICC26XXDMA_transferCancel)
                  000094b8    000000e4     cc2640_ctrlll_pxxx.a : ll_isr.o (.text)
                  0000959c    000000e4     cc26xx_sm_pxxx.a : sm_pairing.o (.text)
                  00009680    000000e2     drivers_cc26x0r2.aem3 : UARTCC26XX.oem3 (.text:UARTCC26XX_write)
                  00009762    00000002     icall.obj (.text:ICall_abort)
                  00009764    000000d8     drivers_cc26x0r2.aem3 : ADCCC26XX.oem3 (.text:ADCCC26XX_convert)
                  0000983c    000000d8     simple_peripheral_cc2640r2lp_stack_library.lib : osal.obj (.text:osal_set_event)
                  00009914    000000d6     drivers_cc26x0r2.aem3 : I2CCC26XX.oem3 (.text:I2CCC26XX_transfer)
                  000099ea    00000002     simple_peripheral_cc2640r2lp_stack_library.lib : onboard.obj (.text:Onboard_soft_reset)
                  000099ec    000000d4     RFCC26XX_singleMode.obj (.text:RF_pendCmd)
                  00009ac0    000000d4     main.obj (.text:main)
                  00009b94    000000d0     drivers_cc26x0r2.aem3 : GPTimerCC26XX.oem3 (.text:GPTimerCC26XX_open)
                  00009c64    000000cc     RFCC26XX_singleMode.obj (.text:RF_postCmd)
                  00009d30    000000cc     RFCC26XX_singleMode.obj (.text:RF_swiHw$4)
                  00009dfc    000000c4     RFCC26XX_singleMode.obj (.text:RF_fsmPowerUpState$4)
                  00009ec0    000000c4     drivers_cc26x0r2.aem3 : SDSPI.oem3 (.text:SDSPI_write)
                  00009f84    000000c4     cc26xx_sm_pxxx.a : sm_pairing.o (.text)
                  0000a048    000000c4                      : sm_pairing.o (.text)
                  0000a10c    000000c0     driverlib.lib : setup.obj (.text:TrimAfterColdResetWakeupFromShutDown$25)
                  0000a1cc    000000bc     drivers_cc26x0r2.aem3 : PowerCC26XX.oem3 (.text:Power_releaseDependency)
                  0000a288    000000bc     cc2640_ctrlll_pxxx.a : ll_scheduler.o (.text)
                  0000a344    000000b8     driverlib.lib : aux_adc.obj (.text:NOROM_AUXADCEnableSync)
                  0000a3fc    000000b8     RFCC26XX_singleMode.obj (.text:RF_control)
                  0000a4b4    000000b8     TRNGCC26XX.obj (.text:TRNGCC26XX_getNumber)
                  0000a56c    000000b8     devinfoservice.obj (.text:devInfo_ReadAttrCB$12)
                  0000a624    000000b4     driverlib.lib : setup.obj (.text:NOROM_SetupTrimDevice)
                  0000a6d8    000000b4     drivers_cc26x0r2.aem3 : PowerCC26XX.oem3 (.text:Power_setDependency)
                  0000a78c    000000b4     peripheral.obj (.text:gapRole_startConnUpdate$15)
                  0000a840    000000b0     simple_peripheral_cc2640r2lp_stack_library.lib : gapbondmgr.obj (.text:GAPBondMgr_ResolveAddr)
                  0000a8f0    000000b0     Storage.obj (.text:Storage_taskFxn$19)
                  0000a9a0    000000b0     cc26xx_gap_pxxx.a : gap_peridevmgr.o (.text)
                  0000aa50    000000ac     display.aem3 : DisplayUart.oem3 (.text:DisplayUartAnsi_clearLines)
                  0000aafc    000000ac     RFCC26XX_singleMode.obj (.text:RF_abortCmd$4)
                  0000aba8    000000a8     drivers_cc26x0r2.aem3 : GPIOCC26XX.oem3 (.text:GPIO_init)
                  0000ac50    000000a8     bacpac_service.obj (.text:bacpac_service_ReadAttrCB$11)
                  0000acf8    000000a7     display.aem3 : DisplayUart.oem3 (.text:DisplayUartAnsi_open)
                  0000ad9f    00000001     --HOLE-- [fill = 0]
                  0000ada0    000000a6     rom_sysbios.aem3 : rom_sysbios.obj (.text:xdc_runtime_Text_putSite__E)
                  0000ae46    000000a4     cc2640_ctrlll_pxxx.a : ll_common.o (.text)
                  0000aeea    000000a4     simple_peripheral_cc2640r2lp_stack_library.lib : gapbondmgr.obj (.text:gapBondMgrUpdateCharCfg$36)
                  0000af8e    00000002     RFCC26XX_singleMode.obj (.text:RF_defaultCallback$4)
                  0000af90    000000a4     simple_peripheral_cc2640r2lp_stack_library.lib : osal.obj (.text:osal_msg_enqueue_push$29)
                  0000b034    000000a4     drivers_cc26x0r2.aem3 : PowerCC26XX.oem3 (.text:switchXOSCHFclockFunc)
                  0000b0d8    000000a2                           : SDSPI.oem3 (.text:SDSPI_getNumSectors)
                  0000b17a    00000002     simple_peripheral_cc2640r2lp_stack_library.lib : sm_ecc.obj (.text:SM_dhKeyCB)
                  0000b17c    000000a0     drivers_cc26x0r2.aem3 : PINCC26XX.oem3 (.text:PIN_open)
                  0000b21c    000000a0     RFCC26XX_singleMode.obj (.text:RF_ratRestartChannels$4)
                  0000b2bc    000000a0     drivers_cc26x0r2.aem3 : SPICC26XXDMA.oem3 (.text:SPICC26XXDMA_hwiFxn)
                  0000b35c    000000a0     auto_init.aem3 : auto_init.oem3 (.text)
                  0000b3fc    000000a0     simple_peripheral_cc2640r2lp_stack_library.lib : osal_timers.obj (.text:osal_timer_refTimeUpdate)
                  0000b49c    0000009f     display.aem3 : DisplayUart.oem3 (.text:DisplayUartAnsi_vprintf)
                  0000b53b    00000001     --HOLE-- [fill = 0]
                  0000b53c    0000009c     icall.obj (.text:ICall_heapMalloc)
                  0000b5d8    0000009c     RFCC26XX_singleMode.obj (.text:RF_calculateDispatchTime$4)
                  0000b674    0000009c     drivers_cc26x0r2.aem3 : SDSPI.oem3 (.text:SDSPI_read)
                  0000b710    0000009c     simple_peripheral_cc2640r2lp_stack_library.lib : osal_cbtimer.obj (.text:cbTimerSetup$44)
                  0000b7ac    0000009c     rtsv7M3_T_le_eabi.lib : memcpy_t2.asm.obj (.text)
                  0000b848    0000009c     simple_peripheral_cc2640r2lp_stack_library.lib : osal_snv_wrapper.obj (.text:writeWord$33)
                  0000b8e4    00000098     icall.obj (.text:ICall_setTimer)
                  0000b97c    00000098     drivers_cc26x0r2.aem3 : UARTCC26XX.oem3 (.text:UARTCC26XX_initHw)
                  0000ba14    00000098                           : UARTCC26XX.oem3 (.text:UARTCC26XX_initIO)
                  0000baac    00000098     cc2640_ctrlhci_pxxx.a : hci_event.o (.text)
                  0000bb44    00000098     cc2640_ctrlll_pxxx.a : ll_common.o (.text)
                  0000bbdc    00000098     simple_peripheral_cc2640r2lp_stack_library.lib : osal_cbtimer.obj (.text:osal_CbTimerProcessEvent)
                  0000bc74    00000098     rom_sysbios.aem3 : rom_sysbios.obj (.text:ti_sysbios_knl_Clock_workFuncDynamic__E)
                  0000bd0c    00000098                      : rom_sysbios.obj (.text:xdc_runtime_Text_putMod__E)
                  0000bda4    00000096     rtsv7M3_T_le_eabi.lib : ull_div_t2.asm.obj (.text)
                  0000be3a    00000002     simple_peripheral_cc2640r2lp_stack_library.lib : sm_ecc.obj (.text:SM_p256KeyCB)
                  0000be3c    00000094     drivers_cc26x0r2.aem3 : CryptoCC26XX.oem3 (.text:CryptoCC26XX_allocateKey)
                  0000bed0    00000094     driverlib.lib : crypto.obj (.text:NOROM_CRYPTOAesLoadKey)
                  0000bf64    00000092     rtsv7M3_T_le_eabi.lib : fs_div_t2.asm.obj (.text)
                  0000bff6    00000092     drivers_cc26x0r2.aem3 : SDSPI.oem3 (.text:sendCmd)
                  0000c088    00000090     board.obj (.text:CC2640R2_LAUNCHXL_shutDownExtFlash)
                  0000c118    00000090     drivers_cc26x0r2.aem3 : CryptoCC26XX.oem3 (.text:CryptoCC26XX_open)
                  0000c1a8    00000090     gattservapp_util.obj (.text:GATTServApp_ProcessCharCfg)
                  0000c238    00000090     drivers_cc26x0r2.aem3 : I2CCC26XX.oem3 (.text:I2CCC26XX_cancel)
                  0000c2c8    00000090     RFCC26XX_singleMode.obj (.text:RF_hwiCpe0Active$4)
                  0000c358    00000090     drivers_cc26x0r2.aem3 : SPICC26XXDMA.oem3 (.text:SPICC26XXDMA_control)
                  0000c3e8    00000090     simple_peripheral_cc2640r2lp_stack_library.lib : osal.obj (.text:osal_msg_receive)
                  0000c478    00000090     rom_sysbios.aem3 : rom_sysbios.obj (.text:ti_sysbios_family_arm_cc26xx_Timer_start__E)
                  0000c508    0000008e     drivers_cc26x0r2.aem3 : UARTCC26XX.oem3 (.text:UARTCC26XX_writeCancel)
                  0000c596    00000002     rtsv7M3_T_le_eabi.lib : _lock.c.obj (.text:_nop)
                  0000c598    0000008c     drivers_cc26x0r2.aem3 : I2CCC26XX.oem3 (.text:I2CCC26XX_primeTransfer)
                  0000c624    0000008c                           : SPICC26XXDMA.oem3 (.text:SPICC26XXDMA_swiFxn)
                  0000c6b0    0000008c     cc2640_ctrlll_pxxx.a : ll_enc.o (.text)
                  0000c73c    0000008c     gattservapp_util.obj (.text:gattServApp_SendNotiInd$14)
                  0000c7c8    00000088     drivers_cc26x0r2.aem3 : ADCCC26XX.oem3 (.text:ADCCC26XX_open)
                  0000c850    00000088     driverlib.lib : aux_adc.obj (.text:NOROM_AUXADCDisable)
                  0000c8d8    00000088     RFCC26XX_singleMode.obj (.text:RF_dispatchNextCmd$4)
                  0000c960    00000086     rtsv7M3_T_le_eabi.lib : fd_cmp_t2.asm.obj (.text:__aeabi_cdcmple)
                  0000c9e6    00000086                           : fd_cmp_t2.asm.obj (.text:__aeabi_cdrcmple)
                  0000ca6c    00000084     driverlib.lib : crypto.obj (.text:NOROM_CRYPTOCcmInvAuthDecryptResultGet)
                  0000caf0    00000084     RFCC26XX_singleMode.obj (.text:RF_ratFreeChannel$4)
                  0000cb74    00000084     drivers_cc26x0r2.aem3 : UARTCC26XX.oem3 (.text:UARTCC26XX_close)
                  0000cbf8    00000084     cc26xx_profiles_pxxx.a : gapgattserver.o (.text)
                  0000cc7c    00000080     simple_peripheral_cc2640r2lp_stack_library.lib : gapbondmgr.obj (.text:GAPBondMgr_syncResolvingList)
                  0000ccfc    00000080     icall.obj (.text:ICall_send)
                  0000cd7c    00000080     RFCC26XX_singleMode.obj (.text:RF_discardPendCmd$4)
                  0000cdfc    00000080     drivers_cc26x0r2.aem3 : UARTCC26XX.oem3 (.text:writeTxFifoFlush)
                  0000ce7c    0000007c     cc2640_ctrlhci_pxxx.a : hci_event.o (.text)
                  0000cef8    0000007c     cc2640_ctrlll_pxxx.a : ll_scheduler.o (.text)
                  0000cf74    0000007c     cc26xx_gap_pxxx.a : gap_linkmgr.o (.text)
                  0000cff0    0000007c     DiskAccess.obj (.text:da_read)
                  0000d06c    0000007c     simple_peripheral_cc2640r2lp_stack_library.lib : osal.obj (.text:osal_event_send$29)
                  0000d0e8    0000007c     drivers_cc26x0r2.aem3 : SDSPI.oem3 (.text:recvDataBlock)
                  0000d164    0000007a     rtsv7M3_T_le_eabi.lib : fs_mul_t2.asm.obj (.text)
                  0000d1de    0000007a                           : memset_t2.asm.obj (.text)
                  0000d258    00000078     gattservapp_util.obj (.text:GATTServApp_ProcessCCCWriteReq)
                  0000d2d0    00000078     cc2640_ctrlll_pxxx.a : ll_common.o (.text)
                  0000d348    00000078     cc26xx_profiles_pxxx.a : gattservapp.o (.text)
                  0000d3c0    00000078     rom_sysbios.aem3 : rom_sysbios.obj (.text:ti_sysbios_heaps_HeapMem_allocUnprotected__E)
                  0000d438    00000078     drivers_cc26x0r2.aem3 : SDSPI.oem3 (.text:transmitDataBlock)
                  0000d4b0    00000074     icall.obj (.text:ICall_fetchMsg)
                  0000d524    00000074     icall.obj (.text:ICall_heapInit)
                  0000d598    00000074     cc26xx_sm_pxxx.a : sm_pairing.o (.text)
                  0000d60c    00000074     simple_peripheral_cc2640r2lp_stack_library.lib : gapbondmgr.obj (.text:gapBondMgrBondReq$36)
                  0000d680    00000072     cc2640_ctrlll_pxxx.a : ll_common.o (.text)
                  0000d6f2    00000002     drivers_cc26x0r2.aem3 : PowerCC26XX.oem3 (.text:emptyClockFunc)
                  0000d6f4    00000070     simple_peripheral_cc2640r2lp_stack_library.lib : gapbondmgr.obj (.text:GAPBondMgr_LinkTerm)
                  0000d764    00000070     icall.obj (.text:ICall_heapGetStats)
                  0000d7d4    00000070     driverlib.lib : sys_ctrl.obj (.text:NOROM_SysCtrlAdjustRechargeAfterPowerDown)
                  0000d844    00000070     simple_peripheral_cc2640r2lp_stack_library.lib : ble_dispatch_lite.obj (.text:ble_dispatch_liteProcess)
                  0000d8b4    00000070     cc2640_ctrlll_pxxx.a : ll_common.o (.text)
                  0000d924    00000070     cc26xx_hci_tl_none.a : hci_tl.o (.text)
                  0000d994    00000070     drivers_cc26x0r2.aem3 : PowerCC26XX.oem3 (.text:lfClockReadyCallback)
                  0000da04    0000006e     rtsv7M3_T_le_eabi.lib : fd_tos_t2.asm.obj (.text)
                  0000da72    00000002     drivers_cc26x0r2.aem3 : CryptoResourceCC26XX.oem3 (.text:errorSpin)
                  0000da74    0000006d     rom_sysbios.aem3 : rom_sysbios.obj (.text:xdc_runtime_System_formatNum__I)
                  0000dae1    00000001     --HOLE-- [fill = 0]
                  0000dae2    00000002     simple_peripheral_cc2640r2lp_stack_library.lib : hal_assert.obj (.text:halAssertHandler)
                  0000dae4    0000006c     icall.obj (.text:ICall_sendServiceComplete)
                  0000db50    0000006c     driverlib.lib : osc.obj (.text:NOROM_OSCHF_AttemptToSwitchToXosc)
                  0000dbbc    0000006c     drivers_cc26x0r2.aem3 : PowerCC26XX_calibrateRCOSC.oem3 (.text:PowerCC26XX_initiateCalibration)
                  0000dc28    0000006c     RFCC26XX_singleMode.obj (.text:RF_dispatchNextEvent$4)
                  0000dc94    0000006c     cc2640_ctrlll_pxxx.a : ll_common.o (.text)
                  0000dd00    0000006c                          : ll_scheduler.o (.text)
                  0000dd6c    0000006c     drivers_cc26x0r2.aem3 : PowerCC26XX.oem3 (.text:configureXOSCHF)
                  0000ddd8    0000006c     DiskAccess.obj (.text:da_commit)
                  0000de44    00000068     drivers_cc26x0r2.aem3 : CryptoCC26XX.oem3 (.text:CryptoCC26XX_loadKey)
                  0000deac    00000068                           : I2CCC26XX.oem3 (.text:I2CCC26XX_swiFxn)
                  0000df14    00000068     driverlib.lib : sys_ctrl.obj (.text:NOROM_SysCtrl_DCDC_VoltageConditionalControl)
                  0000df7c    00000068     drivers_cc26x0r2.aem3 : PINCC26XX.oem3 (.text:PIN_add)
                  0000dfe4    00000068     RFCC26XX_singleMode.obj (.text:RF_getInfo)
                  0000e04c    00000068     RFCC26XX_singleMode.obj (.text:RF_hwiHw$4)
                  0000e0b4    00000068     drivers_cc26x0r2.aem3 : SDSPI.oem3 (.text:SDSPI_open)
                  0000e11c    00000068     rtsv7M3_T_le_eabi.lib : copy_decompress_lzss.c.obj (.text:decompress:lzss:__TI_decompress_lzss)
                  0000e184    00000068     simple_peripheral_cc2640r2lp_stack_library.lib : osal_snv_wrapper.obj (.text:erasePage$33)
                  0000e1ec    00000068                                                    : osal_cbtimer.obj (.text:osal_CbTimerUpdate)
                  0000e254    00000064     RFCC26XX_singleMode.obj (.text:RF_getCurrentTime)
                  0000e2b8    00000064     RFCC26XX_singleMode.obj (.text:RF_hwiCpe0PowerFsm$4)
                  0000e31c    00000064     cc26xx_profiles_pxxx.a : gattservapp.o (.text)
                  0000e380    00000060     icall.obj (.text:ICall_createRemoteTasksAtRuntime)
                  0000e3e0    00000060     icall.obj (.text:ICall_enrollService)
                  0000e440    00000060     drivers_cc26x0r2.aem3 : PowerCC26XX.oem3 (.text:PowerCC26XX_calibrate)
                  0000e4a0    00000060     RFCC26XX_singleMode.obj (.text:RF_fsmXOSCState$4)
                  0000e500    00000060     rtsv7M3_T_le_eabi.lib : fs_cmp_t2.asm.obj (.text:__aeabi_cfcmple)
                  0000e560    00000060                           : fs_cmp_t2.asm.obj (.text:__aeabi_cfrcmple)
                  0000e5c0    0000005f     rom_sysbios.aem3 : rom_sysbios.obj (.text:xdc_runtime_Text_putLab__E)
                  0000e61f    00000001     --HOLE-- [fill = 0]
                  0000e620    0000005e     drivers_cc26x0r2.aem3 : UARTCC26XX.oem3 (.text:UARTCC26XX_swiIntFxn)
                  0000e67e    00000002     simple_peripheral_cc2640r2lp_stack_library.lib : hal_assert.obj (.text:halAssertSpinlock)
                  0000e680    0000005c     drivers_cc26x0r2.aem3 : CryptoResourceCC26XX.oem3 (.text:CryptoResourceCC26XX_constructRTOSObjects)
                  0000e6dc    0000005c     display.aem3 : Display.oem3 (.text:Display_doOpen)
                  0000e738    0000005c     drivers_cc26x0r2.aem3 : I2CCC26XX.oem3 (.text:I2CCC26XX_close)
                  0000e794    0000005c     icall.obj (.text:ICall_pwrUpdActivityCounter)
                  0000e7f0    0000005c     icall.obj (.text:ICall_searchTask$6)
                  0000e84c    0000005c     drivers_cc26x0r2.aem3 : PowerCC26XX_calibrateRCOSC.oem3 (.text:PowerCC26XX_RCOSC_clockFunc)
                  0000e8a8    0000005c     RFCC26XX_singleMode.obj (.text:RF_cmdDispatchTime$4)
                  0000e904    0000005c     simple_peripheral.obj (.text:SimplePeripheral_enqueueMsg$1)
                  0000e960    0000005c     drivers_cc26x0r2.aem3 : UDMACC26XX.oem3 (.text:UDMACC26XX_open)
                  0000e9bc    0000005c     cc26xx_profiles_pxxx.a : gattservapp.o (.text)
                  0000ea18    0000005c     DiskAccess.obj (.text:da_get_read_sector)
                  0000ea74    0000005c     app_ble_pem3.oem3 (.text:xdc_runtime_Startup_getState__I)
[...]
20002d54  rtosApiTblPtr                                                             
20002d58  LSTORecoveryArr                                                           
20002d5c  llCombineState                                                            
20002d60  llCurrentMappedChan                                                       
20002d64  connEvtCB                                                                 
20002d6c  ClockP_tickPeriod                                                         
20002d70  tasksEvents                                                               
20002d74  trngCC26XXObjects                                                         
20002d7b  hciTaskID                                                                 
20002d7c  hciTestTaskID                                                             
20002d7d  hciGapTaskID                                                              
20002d7e  hciL2capTaskID                                                            
20002d7f  hciSmpTaskID                                                              
20002d81  driverlib_release_0_60062                                                 
20002d82  icall_liteTaskId                                                          
20002d83  heapStart                                                                 
20004000  __stack                                                                   
20004000  heapEnd                                                                   
20004400  __STACK_END                                                               
20004400  __STACK_TOP                                                               
200044f8  RAM_BASE_ADDR                                                             
20004504  ROM_FlashJT                                                               
20004558  gapPeripheralCBs                                                          
20004564  gapPeripheralConnCBs                                                      
20004568  rfMode                                                                    
20004584  smResponderCBs                                                            
2000459c  slaveConnHandle                                                           
2000459e  nextHandle                                                                
200045a0  l2capMtuSize                                                              
200045a2  gapAppTaskID                                                              
200045a3  gapAdvAppTaskID                                                           
200045a4  gapUnwantedTaskID                                                         
200045a5  reqTaskId                                                                 
200045a6  gattAppTaskID                                                             
200045a7  appTaskID                                                                 
200045a8  flowCtrlTaskId                                                            
200045a9  SM_appTaskID                                                              
200045ac  resolvingList                                                             
200046ec  scanDataEntry                                                             
200047cc  wlTable                                                                   
200048a8  wlTableScan                                                               
20004a20  advCmd                                                                    
20004a68  localEccKeys                                                              
20004aac  initDataEntry                                                             
20004ae4  advDataEntry                                                              
20004b1c  l2capFixedChannels                                                        
20004b4c  linkCBs                                                                   
20004b7c  eccParams                                                                 
20004bac  initParam                                                                 
20004bd0  scanParam                                                                 
20004bf4  advParam                                                                  
20004c14  cryptoPRAND                                                               
20004c34  txModemTestCmd                                                            
20004c50  gapParams                                                                 
20004c6c  initCmd                                                                   
20004c84  connReqData                                                               
20004c9c  scanCmd                                                                   
20004cb4  scanOutput                                                                
20004ccc  trxTestCmd                                                                
20004ce4  rxModemTestCmd                                                            
20004cfc  rsp                                                                       
20004d14  fwParDtmCmd                                                               
20004d2c  rfSetup                                                                   
20004d44  fwParRfCmd                                                                
20004d5c  connOutput                                                                
20004d70  rxTestParam                                                               
20004d84  initDataQueue                                                             
20004d94  scanDataQueue                                                             
20004da4  advDataQueue                                                              
20004db4  advOutput                                                                 
20004dc4  txTestParam                                                               
20004dd4  initOutput                                                                
20004de0  rxTestOut                                                                 
20004dec  deviceFeatureSet                                                          
20004df8  cachedTRNGdata                                                            
20004e04  gapCurrentRandomAddr                                                      
20004e0c  slaveUpdateReq                                                            
20004e14  pBleEvtMask                                                               
20004e1c  pHciEvtMask                                                               
20004e24  pHciEvtMask2                                                              
20004e2c  ownPublicAddr                                                             
20004e34  ownRandomAddr                                                             
20004e3c  ownSavedPublicAddr                                                        
20004e44  fwImmedCmd                                                                
20004e4c  attServerNotifyTxCB                                                       
20004e50  rfEvent                                                                   
20004e58  fwParCmd                                                                  
20004e60  verInfo                                                                   
20004e68  llConns                                                                   
20004e70  fwParamImmedCmd                                                           
20004e78  privInfo                                                                  
20004e80  linkCmd                                                                   
20004e84  linkParam                                                                 
20004e88  rxDataQ                                                                   
20004e8c  txDataQ                                                                   
20004e90  rxRingBuf                                                                 
20004e94  txTestOut                                                                 
20004e98  pGapDiscReq                                                               
20004e9c  pGapAdvertState                                                           
20004ea0  pEstLink                                                                  
20004ea4  pAuthLink                                                                 
20004ea8  pfnCentralConnCBs                                                         
20004eac  pfnPeripheralConnCBs                                                      
20004eb0  pGapAdvTokens                                                             
20004eb4  pGapAdData                                                                
20004eb8  pGapScanRspData                                                           
20004ebc  pfnPeripheralCBs                                                          
20004ec0  pfnCentralCBs                                                             
20004ec4  pfnBondMgrCBs                                                             
20004ec8  serverInfoTbl                                                             
20004ecc  pServiceList                                                              
20004ed0  pfnServerProcessMsgCB                                                     
20004ed4  pfnClientProcessMsgCB                                                     
20004ed8  prepareWritesTbl                                                          
20004edc  serviceCBsList                                                            
20004ee0  pAttrValue                                                                
20004ee4  l2capChannels                                                             
20004ee8  linkDB                                                                    
20004eec  rfHandle                                                                  
20004ef0  rfDrvTblPtr                                                               
20004ef4  eccDrvTblPtr                                                              
20004ef8  cryptoDrvTblPtr                                                           
20004efc  trngDrvTblPtr                                                             
20004f00  activeConns                                                               
20004f04  SysBootMsg                                                                
20004f08  sclkSrc                                                                   
20004f0c  buildInfo                                                                 
20004f10  advInfo                                                                   
20004f14  scanInfo                                                                  
20004f18  initInfo                                                                  
20004f1c  dtmInfo                                                                   
20004f20  taskEndAction                                                             
20004f24  encParams                                                                 
20004f28  encHandle                                                                 
20004f2c  encKey                                                                    
20004f30  pPairingParams                                                            
20004f34  pfnResponderCBs                                                           
20004f38  pfnInitiatorCBs                                                           
20004f3c  gapLimitedAdvertisingTimeout                                              
20004f3e  attrLen                                                                   
20004f40  numHostBufs                                                               
20004f42  rfCmdHandle                                                               
20004f44  connInitialMaxTxOctets                                                    
20004f46  connInitialMaxTxTime                                                      
20004f48  supportedMaxTxOctets                                                      
20004f4a  supportedMaxTxTime                                                        
20004f4c  supportedMaxRxOctets                                                      
20004f4e  supportedMaxRxTime                                                        
20004f50  taskEndStatus                                                             
20004f52  postRfOperations                                                          
20004f54  rfCfgAdiVal                                                               
20004f58  gapProfileRole                                                            
20004f59  gapDeviceAddrMode                                                         
20004f5a  gapState                                                                  
20004f5b  terminateAllTaskID                                                        
20004f5c  terminateReason                                                           
20004f5d  gapTaskID                                                                 
20004f5e  gattNumConns                                                              
20004f5f  gattTaskID                                                                
20004f60  GATTServApp_TaskID                                                        
20004f61  maxNumPrepareWrites                                                       
20004f62  hciPTMenabled                                                             
20004f63  ctrlToHostEnable                                                          
20004f64  l2capFlowCtrlMode                                                         
20004f65  l2capTaskID                                                               
20004f66  l2capNumChannels                                                          
20004f67  l2capNumDataPkts                                                          
20004f68  l2capId                                                                   
20004f69  linkDBNumConns                                                            
20004f6a  linkDB_secureConnectionOnlyMode                                           
20004f6b  maxPduSize                                                                
20004f6c  rfFeModeBias                                                              
20004f6d  maxNumTxDataBufs                                                          
20004f6e  LL_TaskID                                                                 
20004f6f  llState                                                                   
20004f70  rssiCorrection                                                            
20004f71  curTxPowerVal                                                             
20004f72  maxTxPwrForDTM                                                            
20004f73  onePktPerEvt                                                              
20004f74  numComplPkts                                                              
20004f75  numComplPktsLimit                                                         
20004f76  numComplPktsFlush                                                         
20004f77  fastTxRespTime                                                            
20004f78  slOverride                                                                
20004f79  rxFifoFlowCtrl                                                            
20004f7a  numTxDataBufs                                                             
20004f7b  maxNumConns                                                               
20004f7c  smTaskID                                                                  
20004f7d  SM_appExpectingKey                                                        
20004f80  ECC_DATA$$Base                                                            
20004f80  eccRom_param_Gx                                                           
20004f84  eccRom_param_Gy                                                           
20004f88  eccRom_workzone                                                           
20004f8c  eccRom_param_p                                                            
20004f90  eccRom_param_r                                                            
20004f94  eccRom_param_a                                                            
20004f98  eccRom_param_b                                                            
20004f9c  eccRom_windowSize                                                         
20004fa0  aux64                                                                     
20004fa8  MOD                                                                       
20004fac  LEN                                                                       
20004fb0  inScalar                                                                  
20004fb4  inPointX                                                                  
20004fb8  inPointY                                                                  
20004fbc  outPointX                                                                 
20004fc0  outPointY                                                                 
20004fc4  SCAL                                                                      
20004fc8  EXPX                                                                      
20004fcc  EXPY                                                                      
20004fd0  EXPZ                                                                      
20004fd4  EXPW                                                                      
20004fd8  ACCX                                                                      
20004fdc  ACCY                                                                      
20004fe0  ACCZ                                                                      
20004fe4  TMP1                                                                      
20004fe8  TMP2                                                                      
20004fec  TMP3                                                                      
20004ff0  TMP4                                                                      
20004ff4  TMP5                                                                      
20004ff8  TMP6                                                                      
20004ffc  MSBMOD                                                                    
20005000  ECC_DATA$$Limit                                                           
20005000  __UNUSED_SRAM_end__                                                       
e000e000  ti_sysbios_family_arm_m3_Hwi_nvic                                         
ffffffff  __TI_pprof_out_hndl                                                       
ffffffff  __TI_prof_data_size                                                       
ffffffff  __TI_prof_data_start                                                      
ffffffff  __binit__                                                                 
ffffffff  __c_args__                                                                
ffffffff  binit                                                                     
UNDEFED   SHT$$INIT_ARRAY$$Base                                                     
UNDEFED   SHT$$INIT_ARRAY$$Limit                                                    

[2515 symbols]
